   1 1	2	8
   1 1	3	5
   2 1	2	3
   2 4	5	6
   2 7	8	9
